  Determining projects to restore...
  All projects are up-to-date for restore.
C:\Program Files\dotnet\sdk\10.0.101\Microsoft.Common.CurrentVersion.targets(2437,5): warning MSB3277: Found conflicts between different versions of "WindowsBase" that could not be resolved. [C:\Users\11234\Desktop\清霜V2\ClearFrost\ClearFrost.csproj]
C:\Program Files\dotnet\sdk\10.0.101\Microsoft.Common.CurrentVersion.targets(2437,5): warning MSB3277: There was a conflict between "WindowsBase, Version=4.0.0.0, Culture=neutral, PublicKeyToken=31bf3856ad364e35" and "WindowsBase, Version=5.0.0.0, Culture=neutral, PublicKeyToken=31bf3856ad364e35". [C:\Users\11234\Desktop\清霜V2\ClearFrost\ClearFrost.csproj]
C:\Program Files\dotnet\sdk\10.0.101\Microsoft.Common.CurrentVersion.targets(2437,5): warning MSB3277:     "WindowsBase, Version=4.0.0.0, Culture=neutral, PublicKeyToken=31bf3856ad364e35" was chosen because it was primary and "WindowsBase, Version=5.0.0.0, Culture=neutral, PublicKeyToken=31bf3856ad364e35" was not. [C:\Users\11234\Desktop\清霜V2\ClearFrost\ClearFrost.csproj]
C:\Program Files\dotnet\sdk\10.0.101\Microsoft.Common.CurrentVersion.targets(2437,5): warning MSB3277:     References which depend on "WindowsBase, Version=4.0.0.0, Culture=neutral, PublicKeyToken=31bf3856ad364e35" [C:\Users\11234\.nuget\packages\microsoft.netcore.app.ref\8.0.22\ref\net8.0\WindowsBase.dll]. [C:\Users\11234\Desktop\清霜V2\ClearFrost\ClearFrost.csproj]
C:\Program Files\dotnet\sdk\10.0.101\Microsoft.Common.CurrentVersion.targets(2437,5): warning MSB3277:         C:\Users\11234\.nuget\packages\microsoft.netcore.app.ref\8.0.22\ref\net8.0\WindowsBase.dll [C:\Users\11234\Desktop\清霜V2\ClearFrost\ClearFrost.csproj]
C:\Program Files\dotnet\sdk\10.0.101\Microsoft.Common.CurrentVersion.targets(2437,5): warning MSB3277:           Project file item includes which caused reference "C:\Users\11234\.nuget\packages\microsoft.netcore.app.ref\8.0.22\ref\net8.0\WindowsBase.dll". [C:\Users\11234\Desktop\清霜V2\ClearFrost\ClearFrost.csproj]
C:\Program Files\dotnet\sdk\10.0.101\Microsoft.Common.CurrentVersion.targets(2437,5): warning MSB3277:             C:\Users\11234\.nuget\packages\microsoft.netcore.app.ref\8.0.22\ref/net8.0/WindowsBase.dll [C:\Users\11234\Desktop\清霜V2\ClearFrost\ClearFrost.csproj]
C:\Program Files\dotnet\sdk\10.0.101\Microsoft.Common.CurrentVersion.targets(2437,5): warning MSB3277:     References which depend on or have been unified to "WindowsBase, Version=5.0.0.0, Culture=neutral, PublicKeyToken=31bf3856ad364e35" []. [C:\Users\11234\Desktop\清霜V2\ClearFrost\ClearFrost.csproj]
C:\Program Files\dotnet\sdk\10.0.101\Microsoft.Common.CurrentVersion.targets(2437,5): warning MSB3277:         C:\Users\11234\.nuget\packages\microsoft.web.webview2\1.0.3650.58\lib_manual\net5.0-windows10.0.17763.0\Microsoft.Web.WebView2.Wpf.dll [C:\Users\11234\Desktop\清霜V2\ClearFrost\ClearFrost.csproj]
C:\Program Files\dotnet\sdk\10.0.101\Microsoft.Common.CurrentVersion.targets(2437,5): warning MSB3277:           Project file item includes which caused reference "C:\Users\11234\.nuget\packages\microsoft.web.webview2\1.0.3650.58\lib_manual\net5.0-windows10.0.17763.0\Microsoft.Web.WebView2.Wpf.dll". [C:\Users\11234\Desktop\清霜V2\ClearFrost\ClearFrost.csproj]
C:\Program Files\dotnet\sdk\10.0.101\Microsoft.Common.CurrentVersion.targets(2437,5): warning MSB3277:             C:\Users\11234\.nuget\packages\microsoft.web.webview2\1.0.3650.58\buildTransitive\..\\lib_manual\net5.0-windows10.0.17763.0\Microsoft.Web.WebView2.Wpf.dll [C:\Users\11234\Desktop\清霜V2\ClearFrost\ClearFrost.csproj]
C:\Users\11234\Desktop\清霜V2\ClearFrost\BW_yolo.cs(1237,127): warning CS8625: Cannot convert null literal to non-nullable reference type. [C:\Users\11234\Desktop\清霜V2\ClearFrost\ClearFrost.csproj]
C:\Users\11234\Desktop\清霜V2\ClearFrost\BW_yolo.cs(1237,161): warning CS8625: Cannot convert null literal to non-nullable reference type. [C:\Users\11234\Desktop\清霜V2\ClearFrost\ClearFrost.csproj]
C:\Users\11234\Desktop\清霜V2\ClearFrost\BW_yolo.cs(1237,200): warning CS8625: Cannot convert null literal to non-nullable reference type. [C:\Users\11234\Desktop\清霜V2\ClearFrost\ClearFrost.csproj]
C:\Users\11234\Desktop\清霜V2\ClearFrost\BW_yolo.cs(1237,265): warning CS8625: Cannot convert null literal to non-nullable reference type. [C:\Users\11234\Desktop\清霜V2\ClearFrost\ClearFrost.csproj]
C:\Users\11234\Desktop\清霜V2\ClearFrost\主窗口.cs(94,31): warning CS8600: Converting null literal or possible null value to non-nullable type. [C:\Users\11234\Desktop\清霜V2\ClearFrost\ClearFrost.csproj]
C:\Users\11234\Desktop\清霜V2\ClearFrost\主窗口.cs(103,35): warning CS8600: Converting null literal or possible null value to non-nullable type. [C:\Users\11234\Desktop\清霜V2\ClearFrost\ClearFrost.csproj]
C:\Users\11234\Desktop\清霜V2\ClearFrost\BW_yolo.cs(252,27): warning CS8600: Converting null literal or possible null value to non-nullable type. [C:\Users\11234\Desktop\清霜V2\ClearFrost\ClearFrost.csproj]
C:\Users\11234\Desktop\清霜V2\ClearFrost\Vision\RobustOrbExtractor.cs(217,47): warning CS8600: Converting null literal or possible null value to non-nullable type. [C:\Users\11234\Desktop\清霜V2\ClearFrost\ClearFrost.csproj]
C:\Users\11234\Desktop\清霜V2\ClearFrost\BW_yolo.cs(369,29): warning CS8600: Converting null literal or possible null value to non-nullable type. [C:\Users\11234\Desktop\清霜V2\ClearFrost\ClearFrost.csproj]
C:\Users\11234\Desktop\清霜V2\ClearFrost\主窗口.cs(472,46): warning CS8600: Converting null literal or possible null value to non-nullable type. [C:\Users\11234\Desktop\清霜V2\ClearFrost\ClearFrost.csproj]
C:\Users\11234\Desktop\清霜V2\ClearFrost\主窗口.cs(904,17): warning CS4014: Because this call is not awaited, execution of the current method continues before the call is completed. Consider applying the 'await' operator to the result of the call. [C:\Users\11234\Desktop\清霜V2\ClearFrost\ClearFrost.csproj]
C:\Users\11234\Desktop\清霜V2\ClearFrost\主窗口.cs(989,41): warning CS8625: Cannot convert null literal to non-nullable reference type. [C:\Users\11234\Desktop\清霜V2\ClearFrost\ClearFrost.csproj]
C:\Users\11234\Desktop\清霜V2\ClearFrost\主窗口.cs(1204,24): warning CS8600: Converting null literal or possible null value to non-nullable type. [C:\Users\11234\Desktop\清霜V2\ClearFrost\ClearFrost.csproj]
C:\Users\11234\Desktop\清霜V2\ClearFrost\主窗口.cs(1206,20): warning CS8603: Possible null reference return. [C:\Users\11234\Desktop\清霜V2\ClearFrost\ClearFrost.csproj]
C:\Users\11234\Desktop\清霜V2\ClearFrost\主窗口.cs(1245,17): warning CS4014: Because this call is not awaited, execution of the current method continues before the call is completed. Consider applying the 'await' operator to the result of the call. [C:\Users\11234\Desktop\清霜V2\ClearFrost\ClearFrost.csproj]
C:\Users\11234\Desktop\清霜V2\ClearFrost\主窗口.cs(1261,17): warning CS4014: Because this call is not awaited, execution of the current method continues before the call is completed. Consider applying the 'await' operator to the result of the call. [C:\Users\11234\Desktop\清霜V2\ClearFrost\ClearFrost.csproj]
C:\Users\11234\Desktop\清霜V2\ClearFrost\主窗口.cs(1269,13): warning CS4014: Because this call is not awaited, execution of the current method continues before the call is completed. Consider applying the 'await' operator to the result of the call. [C:\Users\11234\Desktop\清霜V2\ClearFrost\ClearFrost.csproj]
C:\Users\11234\Desktop\清霜V2\ClearFrost\主窗口.cs(1294,21): warning CS4014: Because this call is not awaited, execution of the current method continues before the call is completed. Consider applying the 'await' operator to the result of the call. [C:\Users\11234\Desktop\清霜V2\ClearFrost\ClearFrost.csproj]
C:\Users\11234\Desktop\清霜V2\ClearFrost\主窗口.cs(1311,17): warning CS4014: Because this call is not awaited, execution of the current method continues before the call is completed. Consider applying the 'await' operator to the result of the call. [C:\Users\11234\Desktop\清霜V2\ClearFrost\ClearFrost.csproj]
C:\Users\11234\Desktop\清霜V2\ClearFrost\主窗口.cs(1312,17): warning CS4014: Because this call is not awaited, execution of the current method continues before the call is completed. Consider applying the 'await' operator to the result of the call. [C:\Users\11234\Desktop\清霜V2\ClearFrost\ClearFrost.csproj]
C:\Users\11234\Desktop\清霜V2\ClearFrost\主窗口.cs(1317,17): warning CS4014: Because this call is not awaited, execution of the current method continues before the call is completed. Consider applying the 'await' operator to the result of the call. [C:\Users\11234\Desktop\清霜V2\ClearFrost\ClearFrost.csproj]
C:\Users\11234\Desktop\清霜V2\ClearFrost\主窗口.cs(1322,17): warning CS4014: Because this call is not awaited, execution of the current method continues before the call is completed. Consider applying the 'await' operator to the result of the call. [C:\Users\11234\Desktop\清霜V2\ClearFrost\ClearFrost.csproj]
C:\Users\11234\Desktop\清霜V2\ClearFrost\主窗口.cs(1300,32): warning CS8605: Unboxing a possibly null value. [C:\Users\11234\Desktop\清霜V2\ClearFrost\ClearFrost.csproj]
C:\Users\11234\Desktop\清霜V2\ClearFrost\BW_yolo.cs(1183,42): warning CS8602: Dereference of a possibly null reference. [C:\Users\11234\Desktop\清霜V2\ClearFrost\ClearFrost.csproj]
C:\Users\11234\Desktop\清霜V2\ClearFrost\主窗口.cs(1363,17): warning CS4014: Because this call is not awaited, execution of the current method continues before the call is completed. Consider applying the 'await' operator to the result of the call. [C:\Users\11234\Desktop\清霜V2\ClearFrost\ClearFrost.csproj]
C:\Users\11234\Desktop\清霜V2\ClearFrost\主窗口.cs(1370,17): warning CS4014: Because this call is not awaited, execution of the current method continues before the call is completed. Consider applying the 'await' operator to the result of the call. [C:\Users\11234\Desktop\清霜V2\ClearFrost\ClearFrost.csproj]
C:\Users\11234\Desktop\清霜V2\ClearFrost\主窗口.cs(1614,17): warning CS4014: Because this call is not awaited, execution of the current method continues before the call is completed. Consider applying the 'await' operator to the result of the call. [C:\Users\11234\Desktop\清霜V2\ClearFrost\ClearFrost.csproj]
C:\Users\11234\Desktop\清霜V2\ClearFrost\主窗口.cs(1627,21): warning CS4014: Because this call is not awaited, execution of the current method continues before the call is completed. Consider applying the 'await' operator to the result of the call. [C:\Users\11234\Desktop\清霜V2\ClearFrost\ClearFrost.csproj]
C:\Users\11234\Desktop\清霜V2\ClearFrost\主窗口.cs(1667,17): warning CS4014: Because this call is not awaited, execution of the current method continues before the call is completed. Consider applying the 'await' operator to the result of the call. [C:\Users\11234\Desktop\清霜V2\ClearFrost\ClearFrost.csproj]
C:\Users\11234\Desktop\清霜V2\ClearFrost\主窗口.cs(1683,36): warning CS8601: Possible null reference assignment. [C:\Users\11234\Desktop\清霜V2\ClearFrost\ClearFrost.csproj]
C:\Users\11234\Desktop\清霜V2\ClearFrost\主窗口.cs(1751,17): warning CS4014: Because this call is not awaited, execution of the current method continues before the call is completed. Consider applying the 'await' operator to the result of the call. [C:\Users\11234\Desktop\清霜V2\ClearFrost\ClearFrost.csproj]
C:\Users\11234\Desktop\清霜V2\ClearFrost\主窗口.cs(1800,63): warning CS8603: Possible null reference return. [C:\Users\11234\Desktop\清霜V2\ClearFrost\ClearFrost.csproj]
  ClearFrost -> C:\Users\11234\Desktop\清霜V2\ClearFrost\bin\x64\Debug\net8.0-windows10.0.17763.0\清霜视觉.dll

Build succeeded.

C:\Program Files\dotnet\sdk\10.0.101\Microsoft.Common.CurrentVersion.targets(2437,5): warning MSB3277: Found conflicts between different versions of "WindowsBase" that could not be resolved. [C:\Users\11234\Desktop\清霜V2\ClearFrost\ClearFrost.csproj]
C:\Program Files\dotnet\sdk\10.0.101\Microsoft.Common.CurrentVersion.targets(2437,5): warning MSB3277: There was a conflict between "WindowsBase, Version=4.0.0.0, Culture=neutral, PublicKeyToken=31bf3856ad364e35" and "WindowsBase, Version=5.0.0.0, Culture=neutral, PublicKeyToken=31bf3856ad364e35". [C:\Users\11234\Desktop\清霜V2\ClearFrost\ClearFrost.csproj]
C:\Program Files\dotnet\sdk\10.0.101\Microsoft.Common.CurrentVersion.targets(2437,5): warning MSB3277:     "WindowsBase, Version=4.0.0.0, Culture=neutral, PublicKeyToken=31bf3856ad364e35" was chosen because it was primary and "WindowsBase, Version=5.0.0.0, Culture=neutral, PublicKeyToken=31bf3856ad364e35" was not. [C:\Users\11234\Desktop\清霜V2\ClearFrost\ClearFrost.csproj]
C:\Program Files\dotnet\sdk\10.0.101\Microsoft.Common.CurrentVersion.targets(2437,5): warning MSB3277:     References which depend on "WindowsBase, Version=4.0.0.0, Culture=neutral, PublicKeyToken=31bf3856ad364e35" [C:\Users\11234\.nuget\packages\microsoft.netcore.app.ref\8.0.22\ref\net8.0\WindowsBase.dll]. [C:\Users\11234\Desktop\清霜V2\ClearFrost\ClearFrost.csproj]
C:\Program Files\dotnet\sdk\10.0.101\Microsoft.Common.CurrentVersion.targets(2437,5): warning MSB3277:         C:\Users\11234\.nuget\packages\microsoft.netcore.app.ref\8.0.22\ref\net8.0\WindowsBase.dll [C:\Users\11234\Desktop\清霜V2\ClearFrost\ClearFrost.csproj]
C:\Program Files\dotnet\sdk\10.0.101\Microsoft.Common.CurrentVersion.targets(2437,5): warning MSB3277:           Project file item includes which caused reference "C:\Users\11234\.nuget\packages\microsoft.netcore.app.ref\8.0.22\ref\net8.0\WindowsBase.dll". [C:\Users\11234\Desktop\清霜V2\ClearFrost\ClearFrost.csproj]
C:\Program Files\dotnet\sdk\10.0.101\Microsoft.Common.CurrentVersion.targets(2437,5): warning MSB3277:             C:\Users\11234\.nuget\packages\microsoft.netcore.app.ref\8.0.22\ref/net8.0/WindowsBase.dll [C:\Users\11234\Desktop\清霜V2\ClearFrost\ClearFrost.csproj]
C:\Program Files\dotnet\sdk\10.0.101\Microsoft.Common.CurrentVersion.targets(2437,5): warning MSB3277:     References which depend on or have been unified to "WindowsBase, Version=5.0.0.0, Culture=neutral, PublicKeyToken=31bf3856ad364e35" []. [C:\Users\11234\Desktop\清霜V2\ClearFrost\ClearFrost.csproj]
C:\Program Files\dotnet\sdk\10.0.101\Microsoft.Common.CurrentVersion.targets(2437,5): warning MSB3277:         C:\Users\11234\.nuget\packages\microsoft.web.webview2\1.0.3650.58\lib_manual\net5.0-windows10.0.17763.0\Microsoft.Web.WebView2.Wpf.dll [C:\Users\11234\Desktop\清霜V2\ClearFrost\ClearFrost.csproj]
C:\Program Files\dotnet\sdk\10.0.101\Microsoft.Common.CurrentVersion.targets(2437,5): warning MSB3277:           Project file item includes which caused reference "C:\Users\11234\.nuget\packages\microsoft.web.webview2\1.0.3650.58\lib_manual\net5.0-windows10.0.17763.0\Microsoft.Web.WebView2.Wpf.dll". [C:\Users\11234\Desktop\清霜V2\ClearFrost\ClearFrost.csproj]
C:\Program Files\dotnet\sdk\10.0.101\Microsoft.Common.CurrentVersion.targets(2437,5): warning MSB3277:             C:\Users\11234\.nuget\packages\microsoft.web.webview2\1.0.3650.58\buildTransitive\..\\lib_manual\net5.0-windows10.0.17763.0\Microsoft.Web.WebView2.Wpf.dll [C:\Users\11234\Desktop\清霜V2\ClearFrost\ClearFrost.csproj]
C:\Users\11234\Desktop\清霜V2\ClearFrost\BW_yolo.cs(1237,127): warning CS8625: Cannot convert null literal to non-nullable reference type. [C:\Users\11234\Desktop\清霜V2\ClearFrost\ClearFrost.csproj]
C:\Users\11234\Desktop\清霜V2\ClearFrost\BW_yolo.cs(1237,161): warning CS8625: Cannot convert null literal to non-nullable reference type. [C:\Users\11234\Desktop\清霜V2\ClearFrost\ClearFrost.csproj]
C:\Users\11234\Desktop\清霜V2\ClearFrost\BW_yolo.cs(1237,200): warning CS8625: Cannot convert null literal to non-nullable reference type. [C:\Users\11234\Desktop\清霜V2\ClearFrost\ClearFrost.csproj]
C:\Users\11234\Desktop\清霜V2\ClearFrost\BW_yolo.cs(1237,265): warning CS8625: Cannot convert null literal to non-nullable reference type. [C:\Users\11234\Desktop\清霜V2\ClearFrost\ClearFrost.csproj]
C:\Users\11234\Desktop\清霜V2\ClearFrost\主窗口.cs(94,31): warning CS8600: Converting null literal or possible null value to non-nullable type. [C:\Users\11234\Desktop\清霜V2\ClearFrost\ClearFrost.csproj]
C:\Users\11234\Desktop\清霜V2\ClearFrost\主窗口.cs(103,35): warning CS8600: Converting null literal or possible null value to non-nullable type. [C:\Users\11234\Desktop\清霜V2\ClearFrost\ClearFrost.csproj]
C:\Users\11234\Desktop\清霜V2\ClearFrost\BW_yolo.cs(252,27): warning CS8600: Converting null literal or possible null value to non-nullable type. [C:\Users\11234\Desktop\清霜V2\ClearFrost\ClearFrost.csproj]
C:\Users\11234\Desktop\清霜V2\ClearFrost\Vision\RobustOrbExtractor.cs(217,47): warning CS8600: Converting null literal or possible null value to non-nullable type. [C:\Users\11234\Desktop\清霜V2\ClearFrost\ClearFrost.csproj]
C:\Users\11234\Desktop\清霜V2\ClearFrost\BW_yolo.cs(369,29): warning CS8600: Converting null literal or possible null value to non-nullable type. [C:\Users\11234\Desktop\清霜V2\ClearFrost\ClearFrost.csproj]
C:\Users\11234\Desktop\清霜V2\ClearFrost\主窗口.cs(472,46): warning CS8600: Converting null literal or possible null value to non-nullable type. [C:\Users\11234\Desktop\清霜V2\ClearFrost\ClearFrost.csproj]
C:\Users\11234\Desktop\清霜V2\ClearFrost\主窗口.cs(904,17): warning CS4014: Because this call is not awaited, execution of the current method continues before the call is completed. Consider applying the 'await' operator to the result of the call. [C:\Users\11234\Desktop\清霜V2\ClearFrost\ClearFrost.csproj]
C:\Users\11234\Desktop\清霜V2\ClearFrost\主窗口.cs(989,41): warning CS8625: Cannot convert null literal to non-nullable reference type. [C:\Users\11234\Desktop\清霜V2\ClearFrost\ClearFrost.csproj]
C:\Users\11234\Desktop\清霜V2\ClearFrost\主窗口.cs(1204,24): warning CS8600: Converting null literal or possible null value to non-nullable type. [C:\Users\11234\Desktop\清霜V2\ClearFrost\ClearFrost.csproj]
C:\Users\11234\Desktop\清霜V2\ClearFrost\主窗口.cs(1206,20): warning CS8603: Possible null reference return. [C:\Users\11234\Desktop\清霜V2\ClearFrost\ClearFrost.csproj]
C:\Users\11234\Desktop\清霜V2\ClearFrost\主窗口.cs(1245,17): warning CS4014: Because this call is not awaited, execution of the current method continues before the call is completed. Consider applying the 'await' operator to the result of the call. [C:\Users\11234\Desktop\清霜V2\ClearFrost\ClearFrost.csproj]
C:\Users\11234\Desktop\清霜V2\ClearFrost\主窗口.cs(1261,17): warning CS4014: Because this call is not awaited, execution of the current method continues before the call is completed. Consider applying the 'await' operator to the result of the call. [C:\Users\11234\Desktop\清霜V2\ClearFrost\ClearFrost.csproj]
C:\Users\11234\Desktop\清霜V2\ClearFrost\主窗口.cs(1269,13): warning CS4014: Because this call is not awaited, execution of the current method continues before the call is completed. Consider applying the 'await' operator to the result of the call. [C:\Users\11234\Desktop\清霜V2\ClearFrost\ClearFrost.csproj]
C:\Users\11234\Desktop\清霜V2\ClearFrost\主窗口.cs(1294,21): warning CS4014: Because this call is not awaited, execution of the current method continues before the call is completed. Consider applying the 'await' operator to the result of the call. [C:\Users\11234\Desktop\清霜V2\ClearFrost\ClearFrost.csproj]
C:\Users\11234\Desktop\清霜V2\ClearFrost\主窗口.cs(1311,17): warning CS4014: Because this call is not awaited, execution of the current method continues before the call is completed. Consider applying the 'await' operator to the result of the call. [C:\Users\11234\Desktop\清霜V2\ClearFrost\ClearFrost.csproj]
C:\Users\11234\Desktop\清霜V2\ClearFrost\主窗口.cs(1312,17): warning CS4014: Because this call is not awaited, execution of the current method continues before the call is completed. Consider applying the 'await' operator to the result of the call. [C:\Users\11234\Desktop\清霜V2\ClearFrost\ClearFrost.csproj]
C:\Users\11234\Desktop\清霜V2\ClearFrost\主窗口.cs(1317,17): warning CS4014: Because this call is not awaited, execution of the current method continues before the call is completed. Consider applying the 'await' operator to the result of the call. [C:\Users\11234\Desktop\清霜V2\ClearFrost\ClearFrost.csproj]
C:\Users\11234\Desktop\清霜V2\ClearFrost\主窗口.cs(1322,17): warning CS4014: Because this call is not awaited, execution of the current method continues before the call is completed. Consider applying the 'await' operator to the result of the call. [C:\Users\11234\Desktop\清霜V2\ClearFrost\ClearFrost.csproj]
C:\Users\11234\Desktop\清霜V2\ClearFrost\主窗口.cs(1300,32): warning CS8605: Unboxing a possibly null value. [C:\Users\11234\Desktop\清霜V2\ClearFrost\ClearFrost.csproj]
C:\Users\11234\Desktop\清霜V2\ClearFrost\BW_yolo.cs(1183,42): warning CS8602: Dereference of a possibly null reference. [C:\Users\11234\Desktop\清霜V2\ClearFrost\ClearFrost.csproj]
C:\Users\11234\Desktop\清霜V2\ClearFrost\主窗口.cs(1363,17): warning CS4014: Because this call is not awaited, execution of the current method continues before the call is completed. Consider applying the 'await' operator to the result of the call. [C:\Users\11234\Desktop\清霜V2\ClearFrost\ClearFrost.csproj]
C:\Users\11234\Desktop\清霜V2\ClearFrost\主窗口.cs(1370,17): warning CS4014: Because this call is not awaited, execution of the current method continues before the call is completed. Consider applying the 'await' operator to the result of the call. [C:\Users\11234\Desktop\清霜V2\ClearFrost\ClearFrost.csproj]
C:\Users\11234\Desktop\清霜V2\ClearFrost\主窗口.cs(1614,17): warning CS4014: Because this call is not awaited, execution of the current method continues before the call is completed. Consider applying the 'await' operator to the result of the call. [C:\Users\11234\Desktop\清霜V2\ClearFrost\ClearFrost.csproj]
C:\Users\11234\Desktop\清霜V2\ClearFrost\主窗口.cs(1627,21): warning CS4014: Because this call is not awaited, execution of the current method continues before the call is completed. Consider applying the 'await' operator to the result of the call. [C:\Users\11234\Desktop\清霜V2\ClearFrost\ClearFrost.csproj]
C:\Users\11234\Desktop\清霜V2\ClearFrost\主窗口.cs(1667,17): warning CS4014: Because this call is not awaited, execution of the current method continues before the call is completed. Consider applying the 'await' operator to the result of the call. [C:\Users\11234\Desktop\清霜V2\ClearFrost\ClearFrost.csproj]
C:\Users\11234\Desktop\清霜V2\ClearFrost\主窗口.cs(1683,36): warning CS8601: Possible null reference assignment. [C:\Users\11234\Desktop\清霜V2\ClearFrost\ClearFrost.csproj]
C:\Users\11234\Desktop\清霜V2\ClearFrost\主窗口.cs(1751,17): warning CS4014: Because this call is not awaited, execution of the current method continues before the call is completed. Consider applying the 'await' operator to the result of the call. [C:\Users\11234\Desktop\清霜V2\ClearFrost\ClearFrost.csproj]
C:\Users\11234\Desktop\清霜V2\ClearFrost\主窗口.cs(1800,63): warning CS8603: Possible null reference return. [C:\Users\11234\Desktop\清霜V2\ClearFrost\ClearFrost.csproj]
    33 Warning(s)
    0 Error(s)

Time Elapsed 00:00:01.44
